// Jest Snapshot v1, https://goo.gl/fbAQLP

exports[`Main renders correctly with film description 1`] = `
<Fragment>
  <Connect(FilmDescription) />
  <Connect(SortResults) />
  <Connect(FilmsGallery) />
</Fragment>
`;

exports[`Main renders correctly without film description 1`] = `
<Fragment>
  <Connect(FilmDescription) />
  <Connect(SortResults) />
  <Connect(FilmsGallery) />
</Fragment>
`;
